
> pdf-viewer@0.0.0 test
> ng test --watch=false --browsers=ChromeHeadless

Node.js version v25.9.0 detected.
Odd numbered Node.js versions will not enter LTS status and should not be used for production. For more information, please see https://nodejs.org/en/about/previous-releases/.
Workspace extension with invalid name (defaultProject) found.
- Generating browser application bundles (phase: setup)...
    TypeScript compiler options "target" and "useDefineForClassFields" are set to "ES2022" and "false" respectively by the Angular CLI. To control ECMA version and features use the Browserslist configuration. For more information, see https://angular.dev/tools/cli/build#configuring-browser-compatibility
    NOTE: You can set the "target" to "ES2022" in the project's tsconfig to remove this warning.
✔ Browser application bundle generation complete.
[32m29 04 2026 01:18:28.695:INFO [karma-server]: [39mKarma v6.4.4 server started at http://localhost:9876/
[32m29 04 2026 01:18:28.696:INFO [launcher]: [39mLaunching browsers ChromeHeadless with concurrency unlimited
[32m29 04 2026 01:18:28.698:INFO [launcher]: [39mStarting browser ChromeHeadless
[32m29 04 2026 01:18:29.739:INFO [Chrome Headless 147.0.0.0 (Mac OS 10.15.7)]: [39mConnected on socket QzduFlG5yYa5a6ugAAAB with id 137516
Chrome Headless 147.0.0.0 (Mac OS 10.15.7): Executed 0 of 12[32m SUCCESS[39m (0 secs / 0 secs)
[1A[2KChrome Headless 147.0.0.0 (Mac OS 10.15.7): Executed 1 of 12[32m SUCCESS[39m (0 secs / 0.007 secs)
[1A[2KChrome Headless 147.0.0.0 (Mac OS 10.15.7): Executed 2 of 12[32m SUCCESS[39m (0 secs / 0.008 secs)
[1A[2KChrome Headless 147.0.0.0 (Mac OS 10.15.7): Executed 3 of 12[32m SUCCESS[39m (0 secs / 0.008 secs)
[1A[2KChrome Headless 147.0.0.0 (Mac OS 10.15.7): Executed 4 of 12[32m SUCCESS[39m (0 secs / 0.008 secs)
[1A[2KChrome Headless 147.0.0.0 (Mac OS 10.15.7): Executed 5 of 12[32m SUCCESS[39m (0 secs / 0.009 secs)
[1A[2KChrome Headless 147.0.0.0 (Mac OS 10.15.7): Executed 6 of 12[32m SUCCESS[39m (0 secs / 0.009 secs)
[1A[2KChrome Headless 147.0.0.0 (Mac OS 10.15.7): Executed 7 of 12[32m SUCCESS[39m (0 secs / 0.01 secs)
[1A[2KChrome Headless 147.0.0.0 (Mac OS 10.15.7): Executed 8 of 12[32m SUCCESS[39m (0 secs / 0.01 secs)
[1A[2KChrome Headless 147.0.0.0 (Mac OS 10.15.7): Executed 9 of 12[32m SUCCESS[39m (0 secs / 0.01 secs)
[1A[2KChrome Headless 147.0.0.0 (Mac OS 10.15.7): Executed 10 of 12[32m SUCCESS[39m (0 secs / 0.041 secs)
[1A[2KChrome Headless 147.0.0.0 (Mac OS 10.15.7): Executed 11 of 12[32m SUCCESS[39m (0 secs / 0.043 secs)
[1A[2KChrome Headless 147.0.0.0 (Mac OS 10.15.7): Executed 12 of 12[32m SUCCESS[39m (0 secs / 0.044 secs)
[1A[2KChrome Headless 147.0.0.0 (Mac OS 10.15.7): Executed 12 of 12[32m SUCCESS[39m (0.049 secs / 0.044 secs)
[32mTOTAL: 12 SUCCESS[39m
TOTAL: 12 SUCCESS
✔ Browser application bundle generation complete.
✔ Browser application bundle generation complete.
